// Jest Snapshot v1, https://goo.gl/fbAQLP

exports[`dish should rener dish 1`] = `
<div>
  <div
    style="border: 1px solid red; background: Pink;"
  >
    An error occurred: 
    ReferenceError: fetch is not defined
  </div>
</div>
`;
